[mosio.co.jp/index.html]
[www.google-analytics.com/analytics.js]
[backblue.gif]
[fade.gif]
[index.html]
[mosio.co.jp/img/apple-touch-icon.png]
[mosio.co.jp/img/favicon.ico]
[mosio.co.jp/css/stylec0c1.css]
[mosio.co.jp/css/common05a5.css]
[mosio.co.jp/product.html]
[mosio.co.jp/about.html]
[mosio.co.jp/recipe.html]
[mosio.co.jp/column.html]
[mosio.co.jp/shop.html]
[mosio.co.jp/faq.html]
[mosio.co.jp/company.html]
[mosio.co.jp/img/sns2_w.svg]
[mosio.co.jp/img/logo0.svg]
[mosio.co.jp/img/title1.svg]
[mosio.co.jp/img/title12.svg]
[mosio.co.jp/img/transparent0.png]
[mosio.co.jp/contact/index.html]
[mosio.co.jp/img/title2.svg]
[mosio.co.jp/img/title3.svg]
[mosio.co.jp/img/sns0_b.svg]
[mosio.co.jp/notices.html]
[ajax.googleapis.com/ajax/libs/jquery/2.1.3/jquery.min.js]
[mosio.co.jp/js/jquery-2.1.3.min.js]
[mosio.co.jp/js/jquery.nicescroll.min.js]
[mosio.co.jp/js/jquery.bxslider.min.js]
[mosio.co.jp/js/jquery.pjax.js]
[mosio.co.jp/js/common5543.js]
[mosio.co.jp/index.html]
[mosio.co.jp/img/detail_img0.jpg]
[mosio.co.jp/img/detail_img1.jpg]
[mosio.co.jp/img/detail_img2.jpg]
[mosio.co.jp/img/detail_img3.jpg]
[mosio.co.jp/img/detail_img5.jpg]
[mosio.co.jp/img/detail_img4.jpg]
[mosio.co.jp/img/detail_img6.jpg]
[mosio.co.jp/img/detail_img7.jpg]
[mosio.co.jp/img/detail_img8.jpg]
[mosio.co.jp/img/detail_img9.jpg]
[mosio.co.jp/img/detail_img10.jpg]
[mosio.co.jp/img/detail_img11.jpg]
[mosio.co.jp/img/detail_img12.jpg]
[mosio.co.jp/img/detail_img13.jpg]
[mosio.co.jp/img/detail_img14.jpg]
[mosio.co.jp/img/detail_img15.jpg]
[mosio.co.jp/img/detail_img16.jpg]
[mosio.co.jp/img/detail_img17.jpg]
[mosio.co.jp/img/detail_img0s.jpg]
[mosio.co.jp/img/detail_img1s.jpg]
[mosio.co.jp/img/detail_img2s.jpg]
[mosio.co.jp/img/detail_img3s.jpg]
[mosio.co.jp/img/detail_img4s.jpg]
[mosio.co.jp/img/detail_img5s.jpg]
[mosio.co.jp/img/detail_img6s.jpg]
[mosio.co.jp/img/detail_img7s.jpg]
[mosio.co.jp/img/detail_img8s.jpg]
[mosio.co.jp/img/detail_img9s.jpg]
[mosio.co.jp/img/detail_img10s.jpg]
[mosio.co.jp/img/detail_img11s.jpg]
[mosio.co.jp/img/detail_img12s.jpg]
[mosio.co.jp/img/detail_img13s.jpg]
[mosio.co.jp/img/detail_img14s.jpg]
[mosio.co.jp/img/detail_img15s.jpg]
[mosio.co.jp/img/detail_img16s.jpg]
[mosio.co.jp/img/detail_img17s.jpg]
[mosio.co.jp/img/main_img1.jpg]
[mosio.co.jp/img/main_img2.jpg]
[mosio.co.jp/img/main_img0.jpg]
[mosio.co.jp/img/main_img0s.jpg]
[mosio.co.jp/img/main_img1s.jpg]
[mosio.co.jp/img/main_img3.jpg]
[mosio.co.jp/img/main_img2s.jpg]
[mosio.co.jp/img/main_img3s.jpg]
[mosio.co.jp/img/main_img4s.jpg]
[mosio.co.jp/img/main_img4.jpg]
[mosio.co.jp/img/main_img5s.jpg]
[mosio.co.jp/img/main_img6.jpg]
[mosio.co.jp/img/main_img5.jpg]
[mosio.co.jp/img/main_img6s.jpg]
[mosio.co.jp/img/main_img8.jpg]
[mosio.co.jp/img/main_img8s.jpg]
[mosio.co.jp/img/main_img7s.jpg]
[mosio.co.jp/img/main_img9.jpg]
[mosio.co.jp/img/main_img9s.jpg]
[mosio.co.jp/img/main_img10.jpg]
[mosio.co.jp/img/cr_on.png]
[mosio.co.jp/img/cr_off.png]
[mosio.co.jp/img/main_img10s.jpg]
[mosio.co.jp/img/main_img11.jpg]
[mosio.co.jp/css/stylec0c1.css]
[mosio.co.jp/css/common05a5.css]
[mosio.co.jp/img/main_img7.jpg]
[mosio.co.jp/img/main_img11s.jpg]
[mosio.co.jp/img/product_img0.jpg]
[mosio.co.jp/img/stamp0.png]
[mosio.co.jp/img/product_img1.jpg]
[mosio.co.jp/img/product_img2.jpg]
[mosio.co.jp/img/product_img3.jpg]
[mosio.co.jp/img/product_img5.jpg]
[mosio.co.jp/img/new_product_img2.jpg]
[mosio.co.jp/img/new_product_img1.jpg]
[mosio.co.jp/img/new_product_img3.jpg]
[mosio.co.jp/img/product_img4.jpg]
[mosio.co.jp/img/new_product_img0.jpg]
[mosio.co.jp/img/new_product_img4.jpg]
[mosio.co.jp/img/new_product_img5.jpg]
[mosio.co.jp/product.html]
[mosio.co.jp/img/new_product_img7.jpg]
[mosio.co.jp/img/title9.svg]
[mosio.co.jp/img/new_product_img6.jpg]
[mosio.co.jp/img/illust0.svg]
[mosio.co.jp/img/title10.svg]
[mosio.co.jp/img/title11.svg]
[mosio.co.jp/about.html]
[mosio.co.jp/recipe.html]
[mosio.co.jp/img/title4.svg]
[mosio.co.jp/img/illust1.svg]
[mosio.co.jp/img/illust2.svg]
[mosio.co.jp/column.html]
[mosio.co.jp/img/illust4.svg]
[mosio.co.jp/img/title5.svg]
[mosio.co.jp/shop.html]
[mosio.co.jp/img/illust3.svg]
[mosio.co.jp/img/title6.svg]
[mosio.co.jp/faq.html]
[mosio.co.jp/img/title7.svg]
[mosio.co.jp/company.html]
[mosio.co.jp/img/title8.svg]
[mosio.co.jp/contact/index.html]
[mosio.co.jp/img/sns2_w.svg]
[mosio.co.jp/img/logo0.svg]
[mosio.co.jp/img/title1.svg]
[mosio.co.jp/img/title12.svg]
[mosio.co.jp/img/title2.svg]
[mosio.co.jp/img/title3.svg]
[mosio.co.jp/img/sns0_b.svg]
[mosio.co.jp/img/title13.svg]
[mosio.co.jp/notices.html]
[mosio.co.jp/img/title9.svg]
[mosio.co.jp/img/illust0.svg]
[mosio.co.jp/img/illust1.svg]
[mosio.co.jp/img/title10.svg]
[mosio.co.jp/img/title11.svg]
[mosio.co.jp/img/title4.svg]
[mosio.co.jp/img/illust2.svg]
[mosio.co.jp/img/illust3.svg]
[mosio.co.jp/img/illust4.svg]
[mosio.co.jp/img/title5.svg]
[mosio.co.jp/img/title6.svg]
[mosio.co.jp/img/title7.svg]
[mosio.co.jp/img/title8.svg]
[mosio.co.jp/img/ordersheet201709.pdf]
[mosio.co.jp/img/title13.svg]
